test_ground_raster.cpp
C:\Program Files (x86)\Windows Kits\10\include\10.0.19041.0\um\GdiplusHeaders.h(701): warning C4458: declaration of 'nativeCap' hides class member
C:\Program Files (x86)\Windows Kits\10\include\10.0.19041.0\um\GdiplusHeaders.h(716): note: see declaration of 'Gdiplus::CustomLineCap::nativeCap'
C:\Program Files (x86)\Windows Kits\10\include\10.0.19041.0\um\GdiplusImageAttributes.h(368): warning C4458: declaration of 'nativeImageAttr' hides class member
C:\Program Files (x86)\Windows Kits\10\include\10.0.19041.0\um\GdiplusImageAttributes.h(382): note: see declaration of 'Gdiplus::ImageAttributes::nativeImageAttr'
C:\Program Files (x86)\Windows Kits\10\include\10.0.19041.0\um\GdiplusMatrix.h(301): warning C4458: declaration of 'nativeMatrix' hides class member
C:\Program Files (x86)\Windows Kits\10\include\10.0.19041.0\um\GdiplusMatrix.h(315): note: see declaration of 'Gdiplus::Matrix::nativeMatrix'
C:\Program Files (x86)\Windows Kits\10\include\10.0.19041.0\um\GdiplusBrush.h(95): warning C4458: declaration of 'nativeBrush' hides class member
C:\Program Files (x86)\Windows Kits\10\include\10.0.19041.0\um\GdiplusBrush.h(108): note: see declaration of 'Gdiplus::Brush::nativeBrush'
C:\Program Files (x86)\Windows Kits\10\include\10.0.19041.0\um\GdiplusPen.h(467): warning C4458: declaration of 'nativePen' hides class member
C:\Program Files (x86)\Windows Kits\10\include\10.0.19041.0\um\GdiplusPen.h(481): note: see declaration of 'Gdiplus::Pen::nativePen'
C:\Program Files (x86)\Windows Kits\10\include\10.0.19041.0\um\GdiplusPath.h(891): warning C4458: declaration of 'nativePath' hides class member
C:\Program Files (x86)\Windows Kits\10\include\10.0.19041.0\um\GdiplusPath.h(905): note: see declaration of 'Gdiplus::GraphicsPath::nativePath'
C:\Program Files (x86)\Windows Kits\10\include\10.0.19041.0\um\GdiplusPath.h(1078): warning C4458: declaration of 'nativeIterator' hides class member
C:\Program Files (x86)\Windows Kits\10\include\10.0.19041.0\um\GdiplusPath.h(1092): note: see declaration of 'Gdiplus::GraphicsPathIterator::nativeIterator'
compiler_flags=/std:c++20 /EHsc /W4 /UNDEBUG; optimization=MSVC default (matches native/build.ps1)
working_set=400 cap=512 cold_ms=290.741 warm_ms=3.885 warm_builds=0 hits=400 gdi_delta=800
two_column_pan_new_tiles=40 pan_ms=28.214
eviction_peak_gdi_delta=1024 clear_gdi_delta=0 negative_regeneration=identical
negative_camera_pan_direct_vs_cached=identical_at_integer_pixel_scale
material_name_reload=stable
missing_root_after_asset_reset_draw=fallback
same_name_asset_reload_4_cycles=pixels_identical_tiles_rebuilt
PASS ground raster cache probe
