== scenario raster-feedback ==
    ok: raster-feedback: real player exists
    ok: raster-feedback: contained capture root accepted
    ok: raster-feedback: production frame captured
    ok: raster-feedback: production frame captured
    ok: raster-feedback: ordinary real hit owns the contact pose and raster slash
    ok: raster-feedback: enemy trail agrees with rendered facing toward player
    FAIL: raster-feedback: cooldown does not restart ordinary contact
    ok: raster-feedback: production frame captured
    ok: raster-feedback: real lethal hit removes live monster and retains registered recoil
    ok: raster-feedback: production frame captured
    ok: raster-feedback: actual death advances four authored fall phases
    ok: raster-feedback: production frame captured
    ok: raster-feedback: actual death advances four authored fall phases
    ok: raster-feedback: production frame captured
    ok: raster-feedback: actual death advances four authored fall phases
    ok: raster-feedback: production frame captured
    ok: raster-feedback: actual death advances four authored fall phases
    ok: raster-feedback: production frame captured
    ok: raster-feedback: settled body draws beneath standing player
    ok: raster-feedback: production frame captured
    ok: raster-feedback: corpse expires without minting actors, XP or loot
    ok: raster-feedback: production frame captured
    ok: raster-feedback: real dash paints each fixed-pivot dust phase
    ok: raster-feedback: production frame captured
    ok: raster-feedback: real dash paints each fixed-pivot dust phase
    ok: raster-feedback: production frame captured
    ok: raster-feedback: real dash paints each fixed-pivot dust phase
    ok: raster-feedback: production frame captured
    ok: raster-feedback: real dash paints each fixed-pivot dust phase
    ok: raster-feedback: dust follows a real core dash displacement
   FAIL (1 failures)
