**********************************************************************
** Visual Studio 2019 Developer Command Prompt v16.11.42
** Copyright (c) 2021 Microsoft Corporation
**********************************************************************
[vcvarsall.bat] Environment initialized for: 'x64'
core.cpp
Z:\Code\.worktrees\verdigris\ox-pc-r\native\src\core.cpp(1831): warning C4100: 'player_level': unreferenced formal parameter
**********************************************************************
** Visual Studio 2019 Developer Command Prompt v16.11.42
** Copyright (c) 2021 Microsoft Corporation
**********************************************************************
[vcvarsall.bat] Environment initialized for: 'x64'
seasonal.cpp
**********************************************************************
** Visual Studio 2019 Developer Command Prompt v16.11.42
** Copyright (c) 2021 Microsoft Corporation
**********************************************************************
[vcvarsall.bat] Environment initialized for: 'x64'
networking.cpp
Z:\Code\.worktrees\verdigris\ox-pc-r\native\src\networking.cpp(2811): warning C4996: 'inet_addr': Use inet_pton() or InetPton() instead or define _WINSOCK_DEPRECATED_NO_WARNINGS to disable deprecated API warnings
**********************************************************************
** Visual Studio 2019 Developer Command Prompt v16.11.42
** Copyright (c) 2021 Microsoft Corporation
**********************************************************************
[vcvarsall.bat] Environment initialized for: 'x64'
core_tests.cpp
**********************************************************************
** Visual Studio 2019 Developer Command Prompt v16.11.42
** Copyright (c) 2021 Microsoft Corporation
**********************************************************************
[vcvarsall.bat] Environment initialized for: 'x64'
networking_tests.cpp
**********************************************************************
** Visual Studio 2019 Developer Command Prompt v16.11.42
** Copyright (c) 2021 Microsoft Corporation
**********************************************************************
[vcvarsall.bat] Environment initialized for: 'x64'
camera2d_tests.cpp
**********************************************************************
** Visual Studio 2019 Developer Command Prompt v16.11.42
** Copyright (c) 2021 Microsoft Corporation
**********************************************************************
[vcvarsall.bat] Environment initialized for: 'x64'
local_session.cpp
**********************************************************************
** Visual Studio 2019 Developer Command Prompt v16.11.42
** Copyright (c) 2021 Microsoft Corporation
**********************************************************************
[vcvarsall.bat] Environment initialized for: 'x64'
remote_session.cpp
Z:\Code\.worktrees\verdigris\ox-pc-r\native\client\remote_session.cpp(235): warning C4996: 'inet_addr': Use inet_pton() or InetPton() instead or define _WINSOCK_DEPRECATED_NO_WARNINGS to disable deprecated API warnings
**********************************************************************
** Visual Studio 2019 Developer Command Prompt v16.11.42
** Copyright (c) 2021 Microsoft Corporation
**********************************************************************
[vcvarsall.bat] Environment initialized for: 'x64'
presentation_state.cpp
**********************************************************************
** Visual Studio 2019 Developer Command Prompt v16.11.42
** Copyright (c) 2021 Microsoft Corporation
**********************************************************************
[vcvarsall.bat] Environment initialized for: 'x64'
session_tests.cpp
Z:\Code\.worktrees\verdigris\ox-pc-r\native\tests\session_tests.cpp(715): warning C4996: 'inet_addr': Use inet_pton() or InetPton() instead or define _WINSOCK_DEPRECATED_NO_WARNINGS to disable deprecated API warnings
**********************************************************************
** Visual Studio 2019 Developer Command Prompt v16.11.42
** Copyright (c) 2021 Microsoft Corporation
**********************************************************************
[vcvarsall.bat] Environment initialized for: 'x64'
server_main.cpp
Z:\Code\.worktrees\verdigris\ox-pc-r\native\src\server_main.cpp(15): warning C4996: 'getenv': This function or variable may be unsafe. Consider using _dupenv_s instead. To disable deprecation, use _CRT_SECURE_NO_WARNINGS. See online help for details.
**********************************************************************
** Visual Studio 2019 Developer Command Prompt v16.11.42
** Copyright (c) 2021 Microsoft Corporation
**********************************************************************
[vcvarsall.bat] Environment initialized for: 'x64'
main.cpp
Z:\Code\.worktrees\verdigris\ox-pc-r\native\client\main.cpp(2206): warning C4100: 'bounds': unreferenced formal parameter
Z:\Code\.worktrees\verdigris\ox-pc-r\native\client\main.cpp(3437): warning C4456: declaration of 'expect_x' hides previous local declaration
Z:\Code\.worktrees\verdigris\ox-pc-r\native\client\main.cpp(3431): note: see declaration of 'expect_x'
Z:\Code\.worktrees\verdigris\ox-pc-r\native\client\main.cpp(3438): warning C4456: declaration of 'expect_y' hides previous local declaration
Z:\Code\.worktrees\verdigris\ox-pc-r\native\client\main.cpp(3432): note: see declaration of 'expect_y'
**********************************************************************
** Visual Studio 2019 Developer Command Prompt v16.11.42
** Copyright (c) 2021 Microsoft Corporation
**********************************************************************
[vcvarsall.bat] Environment initialized for: 'x64'
remote_play.cpp
**********************************************************************
** Visual Studio 2019 Developer Command Prompt v16.11.42
** Copyright (c) 2021 Microsoft Corporation
**********************************************************************
[vcvarsall.bat] Environment initialized for: 'x64'
**********************************************************************
** Visual Studio 2019 Developer Command Prompt v16.11.42
** Copyright (c) 2021 Microsoft Corporation
**********************************************************************
[vcvarsall.bat] Environment initialized for: 'x64'
**********************************************************************
** Visual Studio 2019 Developer Command Prompt v16.11.42
** Copyright (c) 2021 Microsoft Corporation
**********************************************************************
[vcvarsall.bat] Environment initialized for: 'x64'
**********************************************************************
** Visual Studio 2019 Developer Command Prompt v16.11.42
** Copyright (c) 2021 Microsoft Corporation
**********************************************************************
[vcvarsall.bat] Environment initialized for: 'x64'
**********************************************************************
** Visual Studio 2019 Developer Command Prompt v16.11.42
** Copyright (c) 2021 Microsoft Corporation
**********************************************************************
[vcvarsall.bat] Environment initialized for: 'x64'
**********************************************************************
** Visual Studio 2019 Developer Command Prompt v16.11.42
** Copyright (c) 2021 Microsoft Corporation
**********************************************************************
[vcvarsall.bat] Environment initialized for: 'x64'
native legacy denylist: PASS
verdigris core tests: PASS
[swing] tgt=monster-1-19 now=1787423221945 next=0 range-ok
[swing] tgt=monster-1-0 now=1787423221983 next=1787423221983 range-ok
[swing] tgt=monster-1-0 now=1787423221983 next=1787423221983 range-ok
[swing] tgt=monster-1-0 now=1787423221983 next=1787423221983 range-ok
verdigris networking tests: PASS
camera2d tests: PASS
PASS local: start succeeds
PASS local: state is ready without a handshake
PASS local: scion uuid published
PASS local: house name published
PASS local: movement commands reach the simulation through the seam
PASS local: SessionReady presentation event emitted
PASS local: shutdown reaches disconnected state
PASS remote-negative: dead endpoint fails start()
PASS remote-negative: state is rejected, not a silent local fallback
PASS remote-negative: hard error message supplied
PASS remote: test server bound inside the architect capsule
PASS remote: connect + upgrade + login sent
PASS remote: player:login acknowledged -> ready
PASS remote: authoritative identity mirrored into the client model
PASS remote: scene snapshot mirrored
PASS remote: SessionReady presentation event emitted
PASS remote: session survives a submitted command
PASS remote: clean shutdown reaches disconnected
PASS remote: server stopped cleanly
PASS journey: test server bound inside the cursor capsule 6580-6599
PASS journey: connect + upgrade + login sent
PASS journey: handshake ready
PASS journey: zone enter mirrors instance scene
PASS journey: transition publishes exit stairs
PASS journey: movement echo updates x
PASS journey: aim updates facing
[swing] tgt=monster-1-12 now=1787423225393 next=1787423225393 range-ok
[swing] tgt=monster-1-12 now=1787423225423 next=1787423225423 range-ok
[swing] tgt=monster-1-12 now=1787423225454 next=1787423225773 range-ok
[swing] tgt=monster-1-12 now=1787423225466 next=1787423225466 range-ok
[swing] tgt=monster-1-12 now=1787423225485 next=1787423225816 range-ok
[swing] tgt=monster-1-12 now=1787423225489 next=1787423225489 range-ok
[swing] tgt=monster-1-12 now=1787423225517 next=1787423225517 range-ok
[swing] tgt=monster-1-7 now=1787423225549 next=1787423225549 range-ok
[swing] tgt=monster-1-7 now=1787423225578 next=1787423225578 range-ok
[swing] tgt=monster-1-7 now=1787423225609 next=1787423225609 range-ok
[swing] tgt=monster-1-7 now=1787423225638 next=1787423225959 range-ok
[swing] tgt=monster-1-7 now=1787423225639 next=1787423225639 range-ok
[swing] tgt=monster-1-7 now=1787423225670 next=1787423225670 range-ok
[swing] tgt=monster-1-1 now=1787423225707 next=1787423225707 range-ok
[swing] tgt=monster-1-1 now=1787423225733 next=1787423226057 range-ok
[swing] tgt=monster-1-1 now=1787423225745 next=1787423225745 range-ok
[swing] tgt=monster-1-1 now=1787423225767 next=1787423225767 range-ok
[swing] tgt=monster-1-1 now=1787423225796 next=1787423226117 range-ok
[swing] tgt=monster-1-1 now=1787423225796 next=1787423225796 range-ok
[swing] tgt=monster-1-1 now=1787423225828 next=1787423225828 range-ok
[swing] tgt=monster-1-9 now=1787423225862 next=1787423225862 range-ok
[swing] tgt=monster-1-9 now=1787423225891 next=1787423225891 range-ok
[swing] tgt=monster-1-9 now=1787423225923 next=1787423225923 range-ok
[swing] tgt=monster-1-9 now=1787423225954 next=1787423226273 range-ok
[swing] tgt=monster-1-9 now=1787423225954 next=1787423225954 range-ok
[swing] tgt=monster-1-9 now=1787423225986 next=1787423226304 range-ok
[swing] tgt=monster-1-9 now=1787423225998 next=1787423225998 range-ok
[swing] tgt=monster-1-19 now=1787423226023 next=1787423226348 range-ok
[swing] tgt=monster-1-19 now=1787423226023 next=1787423226023 range-ok
[swing] tgt=monster-1-19 now=1787423226049 next=1787423226049 range-ok
[swing] tgt=monster-1-19 now=1787423226081 next=1787423226081 range-ok
[swing] tgt=monster-1-19 now=1787423226110 next=1787423226431 range-ok
[swing] tgt=monster-1-19 now=1787423226111 next=1787423226111 range-ok
[swing] tgt=monster-1-19 now=1787423226143 next=1787423226143 range-ok
[swing] tgt=monster-1-19 now=1787423226174 next=1787423226174 range-ok
[swing] tgt=monster-1-19 now=1787423226206 next=1787423226206 range-ok
[swing] tgt=monster-1-19 now=1787423226237 next=1787423226556 range-ok
[swing] tgt=monster-1-19 now=1787423226250 next=1787423226250 range-ok
[swing] tgt=monster-1-19 now=1787423226269 next=1787423226600 range-ok
[swing] tgt=monster-1-19 now=1787423226272 next=1787423226272 range-ok
[swing] tgt=monster-1-19 now=1787423226300 next=1787423226300 range-ok
[swing] tgt=monster-1-19 now=1787423226331 next=1787423226331 range-ok
[swing] tgt=monster-1-19 now=1787423226363 next=1787423226363 range-ok
[swing] tgt=monster-1-19 now=1787423226395 next=1787423226395 range-ok
[swing] tgt=monster-1-19 now=1787423226426 next=1787423226745 range-ok
[swing] tgt=monster-1-19 now=1787423226426 next=1787423226426 range-ok
[swing] tgt=monster-1-19 now=1787423226458 next=1787423226458 range-ok
[swing] tgt=monster-1-19 now=1787423226490 next=1787423226808 range-ok
[swing] tgt=monster-1-19 now=1787423226502 next=1787423226502 range-ok
[swing] tgt=monster-1-19 now=1787423226525 next=1787423226525 range-ok
[swing] tgt=monster-1-19 now=1787423226554 next=1787423226554 range-ok
[swing] tgt=monster-1-15 now=1787423226590 next=1787423226590 range-ok
[swing] tgt=monster-1-15 now=1787423226617 next=1787423226617 range-ok
[swing] tgt=monster-1-15 now=1787423226649 next=1787423226649 range-ok
[swing] tgt=monster-1-15 now=1787423226680 next=1787423226680 range-ok
[swing] tgt=monster-1-15 now=1787423226711 next=1787423226711 range-ok
[swing] tgt=monster-1-6 now=1787423226760 next=1787423226760 range-ok
[swing] tgt=monster-1-6 now=1787423226777 next=1787423226777 range-ok
[swing] tgt=monster-1-6 now=1787423226804 next=1787423226804 range-ok
[swing] tgt=monster-1-6 now=1787423226835 next=1787423226835 range-ok
[swing] tgt=monster-1-6 now=1787423226866 next=1787423226866 range-ok
[swing] tgt=monster-1-18 now=1787423226901 next=1787423226901 range-ok
[swing] tgt=monster-1-18 now=1787423226929 next=1787423226929 range-ok
[swing] tgt=monster-1-18 now=1787423226959 next=1787423226959 range-ok
[swing] tgt=monster-1-18 now=1787423226991 next=1787423226991 range-ok
[swing] tgt=monster-1-18 now=1787423227023 next=1787423227341 range-ok
[swing] tgt=monster-1-18 now=1787423227040 next=1787423227040 range-ok
[swing] tgt=monster-1-17 now=1787423227063 next=1787423227063 range-ok
[swing] tgt=monster-1-17 now=1787423227086 next=1787423227086 range-ok
[swing] tgt=monster-1-17 now=1787423227118 next=1787423227118 range-ok
[swing] tgt=monster-1-17 now=1787423227149 next=1787423227149 range-ok
[swing] tgt=monster-1-17 now=1787423227180 next=1787423227180 range-ok
[swing] tgt=monster-1-0 now=1787423227217 next=1787423227217 range-ok
[swing] tgt=monster-1-0 now=1787423227242 next=1787423227242 range-ok
[swing] tgt=monster-1-0 now=1787423227274 next=1787423227592 range-ok
[swing] tgt=monster-1-0 now=1787423227290 next=1787423227290 range-ok
[swing] tgt=monster-1-0 now=1787423227311 next=1787423227311 range-ok
[swing] tgt=monster-1-0 now=1787423227337 next=1787423227337 range-ok
[swing] tgt=monster-1-3 now=1787423227375 next=1787423227375 range-ok
[swing] tgt=monster-1-3 now=1787423227401 next=1787423227401 range-ok
[swing] tgt=monster-1-3 now=1787423227433 next=1787423227433 range-ok
[swing] tgt=monster-1-3 now=1787423227464 next=1787423227464 range-ok
[swing] tgt=monster-1-3 now=1787423227495 next=1787423227495 range-ok
[swing] tgt=monster-1-4 now=1787423227545 next=1787423227545 range-ok
[swing] tgt=monster-1-4 now=1787423227562 next=1787423227562 range-ok
[swing] tgt=monster-1-4 now=1787423227589 next=1787423227589 range-ok
[swing] tgt=monster-1-4 now=1787423227621 next=1787423227621 range-ok
[swing] tgt=monster-1-4 now=1787423227652 next=1787423227652 range-ok
[swing] tgt=monster-1-14 now=1787423227692 next=1787423227692 range-ok
[swing] tgt=monster-1-14 now=1787423227715 next=1787423227715 range-ok
[swing] tgt=monster-1-14 now=1787423227747 next=1787423227747 range-ok
[swing] tgt=monster-1-14 now=1787423227778 next=1787423228097 range-ok
[swing] tgt=monster-1-14 now=1787423227796 next=1787423227796 range-ok
[swing] tgt=monster-1-14 now=1787423227815 next=1787423227815 range-ok
[swing] tgt=monster-1-13 now=1787423227847 next=1787423227847 range-ok
[swing] tgt=monster-1-13 now=1787423227873 next=1787423227873 range-ok
[swing] tgt=monster-1-13 now=1787423227904 next=1787423227904 range-ok
[swing] tgt=monster-1-13 now=1787423227936 next=1787423227936 range-ok
[swing] tgt=monster-1-13 now=1787423227968 next=1787423227968 range-ok
[swing] tgt=monster-1-11 now=1787423228004 next=1787423228004 range-ok
[swing] tgt=monster-1-11 now=1787423228031 next=1787423228354 range-ok
[swing] tgt=monster-1-11 now=1787423228049 next=1787423228049 range-ok
[swing] tgt=monster-1-11 now=1787423228068 next=1787423228068 range-ok
[swing] tgt=monster-1-11 now=1787423228095 next=1787423228095 range-ok
[swing] tgt=monster-1-11 now=1787423228126 next=1787423228126 range-ok
[swing] tgt=monster-1-2 now=1787423228167 next=1787423228167 range-ok
[swing] tgt=monster-1-2 now=1787423228189 next=1787423228189 range-ok
[swing] tgt=monster-1-2 now=1787423228221 next=1787423228221 range-ok
[swing] tgt=monster-1-2 now=1787423228253 next=1787423228253 range-ok
[swing] tgt=monster-1-2 now=1787423228284 next=1787423228603 range-ok
[swing] tgt=monster-1-2 now=1787423228301 next=1787423228301 range-ok
[swing] tgt=monster-1-10 now=1787423228326 next=1787423228326 range-ok
[swing] tgt=monster-1-10 now=1787423228346 next=1787423228346 range-ok
[swing] tgt=monster-1-10 now=1787423228377 next=1787423228377 range-ok
[swing] tgt=monster-1-10 now=1787423228409 next=1787423228409 range-ok
[swing] tgt=monster-1-10 now=1787423228439 next=1787423228439 range-ok
[swing] tgt=monster-1-8 now=1787423228476 next=1787423228476 range-ok
[swing] tgt=monster-1-8 now=1787423228502 next=1787423228502 range-ok
[swing] tgt=monster-1-8 now=1787423228534 next=1787423228852 range-ok
[swing] tgt=monster-1-8 now=1787423228553 next=1787423228553 range-ok
[swing] tgt=monster-1-8 now=1787423228571 next=1787423228571 range-ok
[swing] tgt=monster-1-8 now=1787423228597 next=1787423228597 range-ok
[swing] tgt=monster-1-5 now=1787423228639 next=1787423228639 range-ok
[swing] tgt=monster-1-5 now=1787423228661 next=1787423228661 range-ok
[swing] tgt=monster-1-5 now=1787423228692 next=1787423228692 range-ok
[swing] tgt=monster-1-5 now=1787423228723 next=1787423228723 range-ok
[swing] tgt=monster-1-5 now=1787423228754 next=1787423228754 range-ok
[swing] tgt=monster-1-16 now=1787423228806 next=1787423228806 range-ok
[swing] tgt=monster-1-16 now=1787423228824 next=1787423228824 range-ok
[swing] tgt=monster-1-16 now=1787423228850 next=1787423228850 range-ok
[swing] tgt=monster-1-16 now=1787423228882 next=1787423228882 range-ok
[swing] tgt=monster-1-16 now=1787423228914 next=1787423228914 range-ok
PASS journey: outgoing combat:hit reached the client
PASS journey: enemy death reached the client
PASS journey: named item entered inventory (pickup)
PASS journey: ItemPickedUp or inventory growth
PASS journey: picked item is named
PASS journey: equip removed the item from the backpack
PASS journey: equipped slot mirrors the worn item
PASS journey: incoming combat:hit reached the client
PASS journey: monster:telegraph reached the client
PASS journey: walking onto stairs-up returns to the surface (extract)
PASS journey: ExtractionCompleted from surface message
PASS journey: clean dual-side shutdown
PASS reconnect: cursor-capsule server bound
PASS reconnect: connected
PASS reconnect: ready before the drop
PASS reconnect: unexpected drop enters Retrying
PASS reconnect: ConnectionLost is visible (no silent local fallback)
PASS reconnect: last_error explains the drop
PASS reconnect: commands after the drop do not leave Retrying for a local sim
PASS reconnect: position does not keep playing offline
PASS reconnect: server restarted on the same port
PASS reconnect: Retrying then Ready after server restart
PASS reconnect: same guest identity re-logged in
PASS reconnect: login snapshot is authoritative
PASS replaced: cursor-capsule server bound
PASS replaced: first login
PASS replaced: first session ready
PASS replaced: second login same guest
PASS replaced: second session ready
PASS replaced: first session is disconnected
PASS replaced: ConnectionLost from player:session-replaced
PASS replaced: session-replaced does not enter Retrying
PASS replaced: stays terminal Disconnected (no retry)
PASS render-list: cursor-capsule server bound
PASS render-list: connect
PASS render-list: ready
[swing] tgt=monster-1-14 now=1787423245168 next=1787423245168 range-ok
[swing] tgt=monster-1-14 now=1787423245195 next=1787423245195 range-ok
[swing] tgt=monster-1-14 now=1787423245226 next=1787423245226 range-ok
[swing] tgt=monster-1-14 now=1787423245258 next=1787423245258 range-ok
[swing] tgt=monster-1-14 now=1787423245290 next=1787423245608 range-ok
[swing] tgt=monster-1-14 now=1787423245290 next=1787423245290 range-ok
PASS render-list: Monster op recorded from remote model
PASS render-list: Swing op recorded from AttackStarted
PASS render-list: Drop op recorded from kill loot
PASS gate-b: worker-capsule server bound (6960-6979)
PASS gate-b: first connect upgrades
PASS gate-b: non-quick guest login admits chronicles:state
PASS gate-b: chronicles:house:found emits chronicles:state
PASS gate-b: House roster id captured
PASS gate-b: chronicles:scion:create returns createdScionId
PASS gate-b: chronicles:scion:set-out admits via player:login
PASS gate-b: admission names the first Scion
PASS gate-b: set-out admits the Scion under the mortal oath (player.chronicles.mortal)
PASS gate-b: earned identifiable item carries an exact uuid
PASS gate-b: delve enters the instance scene
PASS gate-b: ordinary combat reached the scion (incoming hit)
PASS gate-b: ordinary movement/combat death commits the fall (chronicles:scion-fallen)
PASS gate-b: player:chronicles:return readies succession
PASS gate-b: successor created through chronicles:scion:create
PASS gate-b: heir admitted through player:chronicles:select
PASS gate-b: heir buys a sword from the House wagon
PASS gate-b: heir equips the fresh sword
[swing] tgt=monster-4-9 now=1787423262141 next=1787423262141 range-ok
[swing] tgt=monster-4-9 now=1787423262157 next=1787423262157 range-ok
[swing] tgt=monster-4-9 now=1787423262173 next=1787423262173 range-ok
note: hunt kill #1 (The Old Barrow Lurker)
[swing] tgt=monster-4-6 now=1787423263086 next=1787423263086 range-ok
[swing] tgt=monster-4-6 now=1787423263102 next=1787423263102 range-ok
[swing] tgt=monster-4-6 now=1787423263117 next=1787423263117 range-ok
note: hunt kill #2 (The Old Barrow Lurker)
[swing] tgt=monster-4-7 now=1787423264346 next=1787423264346 range-ok
[swing] tgt=monster-4-7 now=1787423264361 next=1787423264361 range-ok
[swing] tgt=monster-4-7 now=1787423264376 next=1787423264376 range-ok
note: hunt kill #3 (The Old Barrow Lurker)
[swing] tgt=monster-4-4 now=1787423268734 next=1787423268734 range-ok
[swing] tgt=monster-4-4 now=1787423268750 next=1787423268750 range-ok
[swing] tgt=monster-4-4 now=1787423268766 next=1787423268766 range-ok
note: hunt kill #4 (The Old Barrow Lurker)
note: hunt heartbeat hp=112 at=(6,23) kills=4 elite_known=0 elite=(-1,-1) ground=2 scene=instance
[swing] tgt=monster-4-12 now=1787423272300 next=1787423272300 range-ok
[swing] tgt=monster-4-12 now=1787423272316 next=1787423272315 range-ok
[swing] tgt=monster-4-12 now=1787423272330 next=1787423272666 range-ok
[swing] tgt=monster-4-12 now=1787423272330 next=1787423272330 range-ok
note: hunt kill #5 (The Old Barrow Lurker)
note: hunt heartbeat hp=102 at=(11,14) kills=5 elite_known=0 elite=(-1,-1) ground=2 scene=instance
note: hunt heartbeat hp=102 at=(11,9) kills=5 elite_known=0 elite=(-1,-1) ground=2 scene=instance
note: hunt heartbeat hp=102 at=(11,9) kills=5 elite_known=0 elite=(-1,-1) ground=2 scene=instance
note: hunt sweep skips waypoint (17,2)
note: hunt heartbeat hp=102 at=(11,34) kills=5 elite_known=0 elite=(-1,-1) ground=2 scene=instance
[swing] tgt=monster-4-0 now=1787423318016 next=1787423318016 range-ok
[swing] tgt=monster-4-0 now=1787423318031 next=1787423318031 range-ok
[swing] tgt=monster-4-0 now=1787423318047 next=1787423318047 range-ok
note: hunt kill #6 (The Old Barrow Lurker)
note: hunt heartbeat hp=122 at=(17,8) kills=6 elite_known=0 elite=(-1,-1) ground=2 scene=instance
note: hunt heartbeat hp=122 at=(17,8) kills=6 elite_known=0 elite=(-1,-1) ground=2 scene=instance
note: hunt sweep skips waypoint (22,2)
[swing] tgt=monster-4-1 now=1787423342308 next=1787423342308 range-ok
[swing] tgt=monster-4-1 now=1787423342324 next=1787423342324 range-ok
[swing] tgt=monster-4-1 now=1787423342340 next=1787423342340 range-ok
note: hunt kill #7 (The Old Barrow Lurker)
note: hunt heartbeat hp=114 at=(17,28) kills=7 elite_known=0 elite=(-1,-1) ground=2 scene=instance
note: hunt heartbeat hp=114 at=(21,15) kills=7 elite_known=0 elite=(-1,-1) ground=1 scene=instance
note: hunt heartbeat hp=114 at=(23,7) kills=7 elite_known=0 elite=(-1,-1) ground=1 scene=instance
note: hunt heartbeat hp=114 at=(23,7) kills=7 elite_known=0 elite=(-1,-1) ground=1 scene=instance
note: hunt sweep skips waypoint (27,2)
[swing] tgt=monster-4-19 now=1787423377341 next=1787423342690 range-ok
[swing] tgt=monster-4-19 now=1787423377436 next=1787423377436 range-ok
[swing] tgt=monster-4-19 now=1787423377452 next=1787423377452 range-ok
[swing] tgt=monster-4-19 now=1787423377467 next=1787423377467 range-ok
[swing] tgt=monster-4-19 now=1787423377483 next=1787423377483 range-ok
[swing] tgt=monster-4-19 now=1787423377499 next=1787423377833 range-ok
[swing] tgt=monster-4-19 now=1787423377499 next=1787423377499 range-ok
[swing] tgt=monster-4-19 now=1787423377515 next=1787423377515 range-ok
[swing] tgt=monster-4-19 now=1787423377530 next=1787423377530 range-ok
[swing] tgt=monster-4-19 now=1787423377546 next=1787423377546 range-ok
[swing] tgt=monster-4-19 now=1787423377561 next=1787423377561 range-ok
note: hunt kill #8 (Warden of the Deep)
PASS gate-b: slain elite surfaces the circulating heirloom
PASS gate-b: exact relic uuid recovered underfoot
PASS gate-b: awaitChronicles restore reads the crypt
PASS gate-b: crypt relic status is recovered
PASS gate-b: reconnect upgrades same server
PASS gate-b: reconnect restores the chronicle session
PASS gate-b: reconnect payload carries chronicle
PASS gate-b: identical House/Scion/relic record after reconnect
PASS gate-b: House name survives reconnect
PASS gate-b: heir's sworn oath recorded after reconnect
PASS gate-b: living roster holds only the heir
PASS gate-b: fallen Scion left the living roster
PASS gate-b: same House present after reconnect
PASS gate-b: crypt relic still recovered after reconnect
PASS gate-b: active House continuity
PASS gate-b: resumed set-out re-admits the heir
PASS gate-b: exact heirloom still carried after reconnect
PASS gate-b: mortal oath survives the reconnect
PASS gate-b: journey server stopped cleanly
session tests passed
== scenario move-and-camera ==
    ok: move-and-camera: scenery present in render list
    ok: move-and-camera: Floor op recorded
    ok: move-and-camera: floor is textured (plates or vector kit)
    ok: move-and-camera: terrain tiles present in render list
    ok: move-and-camera: life and resource orbs recorded
    ok: move-and-camera: quickbar slots recorded
    ok: move-and-camera: minimap panel recorded
    ok: move-and-camera: every scenery entity shifts by one uniform delta
    ok: move-and-camera: uniform delta equals camera shift * zoom
    ok: move-and-camera: overlapping terrain tiles across camera moves
    ok: move-and-camera: every overlapping terrain tile shifts by one uniform delta
    ok: move-and-camera: terrain delta equals camera shift * zoom
    ok: move-and-camera: every scenery entity shifts by one uniform delta
    ok: move-and-camera: uniform delta equals camera shift * zoom
    ok: move-and-camera: overlapping terrain tiles across camera moves
    ok: move-and-camera: every overlapping terrain tile shifts by one uniform delta
    ok: move-and-camera: terrain delta equals camera shift * zoom
    ok: move-and-camera: every scenery entity shifts by one uniform delta
    ok: move-and-camera: uniform delta equals camera shift * zoom
    ok: move-and-camera: overlapping terrain tiles across camera moves
    ok: move-and-camera: every overlapping terrain tile shifts by one uniform delta
    ok: move-and-camera: terrain delta equals camera shift * zoom
    ok: move-and-camera: every scenery entity shifts by one uniform delta
    ok: move-and-camera: uniform delta equals camera shift * zoom
    ok: move-and-camera: overlapping terrain tiles across camera moves
    ok: move-and-camera: every overlapping terrain tile shifts by one uniform delta
    ok: move-and-camera: terrain delta equals camera shift * zoom
   PASS (0 failures)
== scenario first-fight ==
    ok: first-fight: an honest art-status line is on the HUD
    ok: first-fight: art status matches what actually loaded
    ok: first-fight: an objective strip is on the HUD
    ok: first-fight: the extraction pad is marked stairs-up
    ok: first-fight: the Scion silhouette is recorded
    ok: first-fight: vector fallback reports itself honestly
    ok: first-fight: vector terrain keeps the floor tiled
    ok: first-fight: vector motif tiles are drawn
    ok: first-fight: vector scenery silhouettes are drawn
    ok: first-fight: vector Scion silhouette is drawn
    ok: first-fight: a swing is drawn
    ok: first-fight: a floating damage number is spawned
    ok: first-fight: a death ring is drawn
    ok: first-fight: the drop becomes visible
    ok: first-fight: the dead monster is removed from the render list
   PASS (0 failures)
== scenario loot-to-bank ==
    ok: loot-to-bank: drop visible before pickup
    ok: loot-to-bank: pickup fills the carried grid
    ok: loot-to-bank: grid cell rendered in the pane
    ok: loot-to-bank: weapon seat empty before equip
    ok: loot-to-bank: equip fills the weapon seat
    ok: loot-to-bank: equipped bonus appears in the stat readout
    ok: loot-to-bank: objective strip points at the EXIT while carrying
    ok: loot-to-bank: extraction banks the item
    ok: loot-to-bank: extraction banks the trophy
    ok: loot-to-bank: banked footer reflects the extraction
    ok: loot-to-bank: objective strip guides back to the extraction
   PASS (0 failures)
== scenario telegraph-dodge ==
    ok: telegraph-dodge: elite telegraph is drawn
    ok: telegraph-dodge: telegraph stays outside HUD reserve
    ok: telegraph-dodge: moving out avoids the telegraphed damage
   PASS (0 failures)
== scenario combat-juice ==
    ok: combat-juice: target sprite flashes on the hit
    ok: combat-juice: a floating damage number is spawned
    ok: combat-juice: number present right after the hit
    ok: combat-juice: number still visible ~300ms in
    ok: combat-juice: number faded out after ~650ms
    ok: combat-juice: screen-edge red pulse on player damage
    ok: combat-juice: player damage number is player-tagged
   PASS (0 failures)
[swing] tgt=monster-1-9 now=1787423394643 next=1787423394643 range-ok
[swing] tgt=monster-1-9 now=1787423394690 next=1787423394690 range-ok
[swing] tgt=monster-1-9 now=1787423394723 next=1787423395040 range-ok
[swing] tgt=monster-1-9 now=1787423394738 next=1787423394738 range-ok
[swing] tgt=monster-1-9 now=1787423394785 next=1787423394785 range-ok
[swing] tgt=monster-1-9 now=1787423394817 next=1787423395135 range-ok
[swing] tgt=monster-1-9 now=1787423394833 next=1787423394833 range-ok
== scenario remote-render-list ==
    ok: remote-render-list: bound cursor-capsule server
    ok: remote-render-list: session start
    ok: remote-render-list: handshake ready
    ok: remote-render-list: Floor op in paint_scene render list
    ok: remote-render-list: Tile ops in paint_scene render list
    ok: remote-render-list: vital orbs in paint_scene render list
    ok: remote-render-list: quickbar slots in paint_scene render list
    ok: remote-render-list: minimap in paint_scene render list
    ok: remote-render-list: Extraction pad marked stairs-up
    ok: remote-render-list: connection chip uses connection_state_label
    ok: remote-render-list: Monster op in paint_scene render list
    ok: remote-render-list: Swing op in paint_scene render list
    ok: remote-render-list: Drop op in paint_scene render list
    ok: remote-render-list: remote present uses no Simulation
   PASS (0 failures)
== scenario zoom-invariance ==
    ok: zoom-invariance: scenery present in render list
    ok: zoom-invariance: terrain tiles present in render list
    ok: zoom-invariance: uniform delta at min zoom
    ok: zoom-invariance: delta scales with the zoom factor
    ok: zoom-invariance: overlapping terrain tiles across camera shift
    ok: zoom-invariance: overlapping terrain tiles shift uniformly at zoom level
    ok: zoom-invariance: scenery present in render list
    ok: zoom-invariance: terrain tiles present in render list
    ok: zoom-invariance: uniform delta at default zoom
    ok: zoom-invariance: delta scales with the zoom factor
    ok: zoom-invariance: overlapping terrain tiles across camera shift
    ok: zoom-invariance: overlapping terrain tiles shift uniformly at zoom level
    ok: zoom-invariance: scenery present in render list
    ok: zoom-invariance: terrain tiles present in render list
    ok: zoom-invariance: uniform delta at max zoom
    ok: zoom-invariance: delta scales with the zoom factor
    ok: zoom-invariance: overlapping terrain tiles across camera shift
    ok: zoom-invariance: overlapping terrain tiles shift uniformly at zoom level
   PASS (0 failures)
== scenario chronicles-gate-b ==
    ok: chronicles-gate-b: bound ox-pc-i capsule server
    ok: chronicles-gate-b: session start
    ok: front door: the account chronicle opens the door
    ok: front door: the Chronicles title is on screen
    ok: front door: founding a House is an actionable control
    ok: front door: founding renders the House roster
    ok: front door: the new House is named on screen
    ok: front door: naming a Scion is offered
    ok: front door: the first Scion joins the roster
    ok: front door: set-out is actionable for the new Scion
    ok: front door: the mortal-oath field renders its soft state
    ok: front door: the mortal-oath field arms on demand
    ok: admission: the mortal-oath select lands in the world
    ok: admission: the front door is dismissed
    ok: admission: the expedition names the House and Scion
    ok: expedition: the road instance is entered
    ok: expedition: the route renders with the existing presentation
    ok: expedition: earned gear enters the inventory
    ok: consequence: scion-fallen names the fallen Scion
    ok: consequence: the fall returns the owner to the chronicles
    ok: consequence: the fall is recorded on the front door
    ok: consequence: the fallen Scion rests in the crypt
    ok: succession: naming a successor is actionable after the fall
    ok: evidence: front-door capture written
    ok: succession: the heir joins the living roster
    ok: succession: heirship admission is actionable without the oath
    ok: succession: the heirship select admits the successor
    ok: succession: the heir takes a healed field
    ok: succession: the identity chip names the heir
    ok: recovery: the surfaced heirloom carries its provenance
    ok: recovery: the crypt record flips lost to recovered
    ok: recovery: the recovery toast names the fallen
    ok: recovery: the expedition HUD announces the recovery
    ok: reconnect: session restarts
    ok: reconnect: House, heir, and crypt render on return
    ok: reconnect: the living heir is listed
    ok: reconnect: re-admission returns to the expedition
    ok: evidence: expedition HUD capture written
   PASS (0 failures)
