**********************************************************************
** Visual Studio 2019 Developer Command Prompt v16.11.42
** Copyright (c) 2021 Microsoft Corporation
**********************************************************************
[vcvarsall.bat] Environment initialized for: 'x64'
core.cpp
**********************************************************************
** Visual Studio 2019 Developer Command Prompt v16.11.42
** Copyright (c) 2021 Microsoft Corporation
**********************************************************************
[vcvarsall.bat] Environment initialized for: 'x64'
seasonal.cpp
**********************************************************************
** Visual Studio 2019 Developer Command Prompt v16.11.42
** Copyright (c) 2021 Microsoft Corporation
**********************************************************************
[vcvarsall.bat] Environment initialized for: 'x64'
networking.cpp
Z:\Code\Games\delaford\kimiwork_verdigris\.worktrees\merge-candidate\native\src\networking.cpp(4990): warning C4996: 'inet_addr': Use inet_pton() or InetPton() instead or define _WINSOCK_DEPRECATED_NO_WARNINGS to disable deprecated API warnings
**********************************************************************
** Visual Studio 2019 Developer Command Prompt v16.11.42
** Copyright (c) 2021 Microsoft Corporation
**********************************************************************
[vcvarsall.bat] Environment initialized for: 'x64'
core_tests.cpp
**********************************************************************
** Visual Studio 2019 Developer Command Prompt v16.11.42
** Copyright (c) 2021 Microsoft Corporation
**********************************************************************
[vcvarsall.bat] Environment initialized for: 'x64'
networking_tests.cpp
Z:\Code\Games\delaford\kimiwork_verdigris\.worktrees\merge-candidate\native\tests\networking_tests.cpp(971): warning C4456: declaration of 'uuid' hides previous local declaration
Z:\Code\Games\delaford\kimiwork_verdigris\.worktrees\merge-candidate\native\tests\networking_tests.cpp(840): note: see declaration of 'uuid'
**********************************************************************
** Visual Studio 2019 Developer Command Prompt v16.11.42
** Copyright (c) 2021 Microsoft Corporation
**********************************************************************
[vcvarsall.bat] Environment initialized for: 'x64'
camera2d_tests.cpp
**********************************************************************
** Visual Studio 2019 Developer Command Prompt v16.11.42
** Copyright (c) 2021 Microsoft Corporation
**********************************************************************
[vcvarsall.bat] Environment initialized for: 'x64'
local_session.cpp
**********************************************************************
** Visual Studio 2019 Developer Command Prompt v16.11.42
** Copyright (c) 2021 Microsoft Corporation
**********************************************************************
[vcvarsall.bat] Environment initialized for: 'x64'
remote_session.cpp
Z:\Code\Games\delaford\kimiwork_verdigris\.worktrees\merge-candidate\native\client\remote_session.cpp(595): warning C4996: 'inet_addr': Use inet_pton() or InetPton() instead or define _WINSOCK_DEPRECATED_NO_WARNINGS to disable deprecated API warnings
**********************************************************************
** Visual Studio 2019 Developer Command Prompt v16.11.42
** Copyright (c) 2021 Microsoft Corporation
**********************************************************************
[vcvarsall.bat] Environment initialized for: 'x64'
presentation_state.cpp
**********************************************************************
** Visual Studio 2019 Developer Command Prompt v16.11.42
** Copyright (c) 2021 Microsoft Corporation
**********************************************************************
[vcvarsall.bat] Environment initialized for: 'x64'
session_tests.cpp
Z:\Code\Games\delaford\kimiwork_verdigris\.worktrees\merge-candidate\native\tests\session_tests.cpp(841): warning C4996: 'inet_addr': Use inet_pton() or InetPton() instead or define _WINSOCK_DEPRECATED_NO_WARNINGS to disable deprecated API warnings
**********************************************************************
** Visual Studio 2019 Developer Command Prompt v16.11.42
** Copyright (c) 2021 Microsoft Corporation
**********************************************************************
[vcvarsall.bat] Environment initialized for: 'x64'
presentation_events_tests.cpp
**********************************************************************
** Visual Studio 2019 Developer Command Prompt v16.11.42
** Copyright (c) 2021 Microsoft Corporation
**********************************************************************
[vcvarsall.bat] Environment initialized for: 'x64'
cue_spec.cpp
**********************************************************************
** Visual Studio 2019 Developer Command Prompt v16.11.42
** Copyright (c) 2021 Microsoft Corporation
**********************************************************************
[vcvarsall.bat] Environment initialized for: 'x64'
event_cues.cpp
**********************************************************************
** Visual Studio 2019 Developer Command Prompt v16.11.42
** Copyright (c) 2021 Microsoft Corporation
**********************************************************************
[vcvarsall.bat] Environment initialized for: 'x64'
audio_mixer.cpp
**********************************************************************
** Visual Studio 2019 Developer Command Prompt v16.11.42
** Copyright (c) 2021 Microsoft Corporation
**********************************************************************
[vcvarsall.bat] Environment initialized for: 'x64'
audio_mixer_tests.cpp
**********************************************************************
** Visual Studio 2019 Developer Command Prompt v16.11.42
** Copyright (c) 2021 Microsoft Corporation
**********************************************************************
[vcvarsall.bat] Environment initialized for: 'x64'
server_main.cpp
Z:\Code\Games\delaford\kimiwork_verdigris\.worktrees\merge-candidate\native\src\server_main.cpp(51): warning C4996: 'getenv': This function or variable may be unsafe. Consider using _dupenv_s instead. To disable deprecation, use _CRT_SECURE_NO_WARNINGS. See online help for details.
Z:\Code\Games\delaford\kimiwork_verdigris\.worktrees\merge-candidate\native\src\server_main.cpp(57): warning C4996: 'getenv': This function or variable may be unsafe. Consider using _dupenv_s instead. To disable deprecation, use _CRT_SECURE_NO_WARNINGS. See online help for details.
Z:\Code\Games\delaford\kimiwork_verdigris\.worktrees\merge-candidate\native\src\server_main.cpp(58): warning C4996: 'getenv': This function or variable may be unsafe. Consider using _dupenv_s instead. To disable deprecation, use _CRT_SECURE_NO_WARNINGS. See online help for details.
**********************************************************************
** Visual Studio 2019 Developer Command Prompt v16.11.42
** Copyright (c) 2021 Microsoft Corporation
**********************************************************************
[vcvarsall.bat] Environment initialized for: 'x64'
main.cpp
C:\Program Files (x86)\Windows Kits\10\include\10.0.19041.0\um\GdiplusHeaders.h(701): warning C4458: declaration of 'nativeCap' hides class member
C:\Program Files (x86)\Windows Kits\10\include\10.0.19041.0\um\GdiplusHeaders.h(716): note: see declaration of 'Gdiplus::CustomLineCap::nativeCap'
C:\Program Files (x86)\Windows Kits\10\include\10.0.19041.0\um\GdiplusImageAttributes.h(368): warning C4458: declaration of 'nativeImageAttr' hides class member
C:\Program Files (x86)\Windows Kits\10\include\10.0.19041.0\um\GdiplusImageAttributes.h(382): note: see declaration of 'Gdiplus::ImageAttributes::nativeImageAttr'
C:\Program Files (x86)\Windows Kits\10\include\10.0.19041.0\um\GdiplusMatrix.h(301): warning C4458: declaration of 'nativeMatrix' hides class member
C:\Program Files (x86)\Windows Kits\10\include\10.0.19041.0\um\GdiplusMatrix.h(315): note: see declaration of 'Gdiplus::Matrix::nativeMatrix'
C:\Program Files (x86)\Windows Kits\10\include\10.0.19041.0\um\GdiplusBrush.h(95): warning C4458: declaration of 'nativeBrush' hides class member
C:\Program Files (x86)\Windows Kits\10\include\10.0.19041.0\um\GdiplusBrush.h(108): note: see declaration of 'Gdiplus::Brush::nativeBrush'
C:\Program Files (x86)\Windows Kits\10\include\10.0.19041.0\um\GdiplusPen.h(467): warning C4458: declaration of 'nativePen' hides class member
C:\Program Files (x86)\Windows Kits\10\include\10.0.19041.0\um\GdiplusPen.h(481): note: see declaration of 'Gdiplus::Pen::nativePen'
C:\Program Files (x86)\Windows Kits\10\include\10.0.19041.0\um\GdiplusPath.h(891): warning C4458: declaration of 'nativePath' hides class member
C:\Program Files (x86)\Windows Kits\10\include\10.0.19041.0\um\GdiplusPath.h(905): note: see declaration of 'Gdiplus::GraphicsPath::nativePath'
C:\Program Files (x86)\Windows Kits\10\include\10.0.19041.0\um\GdiplusPath.h(1078): warning C4458: declaration of 'nativeIterator' hides class member
C:\Program Files (x86)\Windows Kits\10\include\10.0.19041.0\um\GdiplusPath.h(1092): note: see declaration of 'Gdiplus::GraphicsPathIterator::nativeIterator'
Z:\Code\Games\delaford\kimiwork_verdigris\.worktrees\merge-candidate\native\client\main.cpp(6855): warning C4996: 'getenv': This function or variable may be unsafe. Consider using _dupenv_s instead. To disable deprecation, use _CRT_SECURE_NO_WARNINGS. See online help for details.
Z:\Code\Games\delaford\kimiwork_verdigris\.worktrees\merge-candidate\native\client\main.cpp(7444): warning C4456: declaration of 'inset' hides previous local declaration
Z:\Code\Games\delaford\kimiwork_verdigris\.worktrees\merge-candidate\native\client\main.cpp(7101): note: see declaration of 'inset'
Z:\Code\Games\delaford\kimiwork_verdigris\.worktrees\merge-candidate\native\client\main.cpp(7988): warning C4456: declaration of 'dest_w' hides previous local declaration
Z:\Code\Games\delaford\kimiwork_verdigris\.worktrees\merge-candidate\native\client\main.cpp(7867): note: see declaration of 'dest_w'
Z:\Code\Games\delaford\kimiwork_verdigris\.worktrees\merge-candidate\native\client\main.cpp(11450): warning C4456: declaration of 'expect_x' hides previous local declaration
Z:\Code\Games\delaford\kimiwork_verdigris\.worktrees\merge-candidate\native\client\main.cpp(11444): note: see declaration of 'expect_x'
Z:\Code\Games\delaford\kimiwork_verdigris\.worktrees\merge-candidate\native\client\main.cpp(11451): warning C4456: declaration of 'expect_y' hides previous local declaration
Z:\Code\Games\delaford\kimiwork_verdigris\.worktrees\merge-candidate\native\client\main.cpp(11445): note: see declaration of 'expect_y'
Z:\Code\Games\delaford\kimiwork_verdigris\.worktrees\merge-candidate\native\client\main.cpp(13550): warning C4456: declaration of 'trace_find' hides previous local declaration
Z:\Code\Games\delaford\kimiwork_verdigris\.worktrees\merge-candidate\native\client\main.cpp(13298): note: see declaration of 'trace_find'
Z:\Code\Games\delaford\kimiwork_verdigris\.worktrees\merge-candidate\native\client\main.cpp(19872): warning C4456: declaration of 'here' hides previous local declaration
Z:\Code\Games\delaford\kimiwork_verdigris\.worktrees\merge-candidate\native\client\main.cpp(19824): note: see declaration of 'here'
**********************************************************************
** Visual Studio 2019 Developer Command Prompt v16.11.42
** Copyright (c) 2021 Microsoft Corporation
**********************************************************************
[vcvarsall.bat] Environment initialized for: 'x64'
remote_play.cpp
**********************************************************************
** Visual Studio 2019 Developer Command Prompt v16.11.42
** Copyright (c) 2021 Microsoft Corporation
**********************************************************************
[vcvarsall.bat] Environment initialized for: 'x64'
**********************************************************************
** Visual Studio 2019 Developer Command Prompt v16.11.42
** Copyright (c) 2021 Microsoft Corporation
**********************************************************************
[vcvarsall.bat] Environment initialized for: 'x64'
**********************************************************************
** Visual Studio 2019 Developer Command Prompt v16.11.42
** Copyright (c) 2021 Microsoft Corporation
**********************************************************************
[vcvarsall.bat] Environment initialized for: 'x64'
**********************************************************************
** Visual Studio 2019 Developer Command Prompt v16.11.42
** Copyright (c) 2021 Microsoft Corporation
**********************************************************************
[vcvarsall.bat] Environment initialized for: 'x64'
**********************************************************************
** Visual Studio 2019 Developer Command Prompt v16.11.42
** Copyright (c) 2021 Microsoft Corporation
**********************************************************************
[vcvarsall.bat] Environment initialized for: 'x64'
**********************************************************************
** Visual Studio 2019 Developer Command Prompt v16.11.42
** Copyright (c) 2021 Microsoft Corporation
**********************************************************************
[vcvarsall.bat] Environment initialized for: 'x64'
**********************************************************************
** Visual Studio 2019 Developer Command Prompt v16.11.42
** Copyright (c) 2021 Microsoft Corporation
**********************************************************************
[vcvarsall.bat] Environment initialized for: 'x64'
**********************************************************************
** Visual Studio 2019 Developer Command Prompt v16.11.42
** Copyright (c) 2021 Microsoft Corporation
**********************************************************************
[vcvarsall.bat] Environment initialized for: 'x64'
native legacy denylist: PASS
VERIFY OK: 5 base entries, 99 flagship rasters, 15 runtime assets, contact_sheet=contact_sheet.png
WIZARD native title: authored mesh and three raster hashes verified
== scenario move-and-camera ==
    ok: move-and-camera: scenery present in render list
    ok: move-and-camera: Floor op recorded
    ok: move-and-camera: floor is textured (plates or vector kit)
    ok: move-and-camera: terrain tiles present in render list
    ok: move-and-camera: life and resource orbs recorded
    ok: move-and-camera: quickbar slots recorded
    ok: move-and-camera: minimap panel recorded
    ok: move-and-camera: every scenery entity shifts by one uniform delta
    ok: move-and-camera: uniform delta equals camera shift * zoom
    ok: move-and-camera: overlapping terrain tiles across camera moves
    ok: move-and-camera: every overlapping terrain tile shifts by one uniform delta
    ok: move-and-camera: terrain delta equals camera shift * zoom
    ok: move-and-camera: every scenery entity shifts by one uniform delta
    ok: move-and-camera: uniform delta equals camera shift * zoom
    ok: move-and-camera: overlapping terrain tiles across camera moves
    ok: move-and-camera: every overlapping terrain tile shifts by one uniform delta
    ok: move-and-camera: terrain delta equals camera shift * zoom
    ok: move-and-camera: every scenery entity shifts by one uniform delta
    ok: move-and-camera: uniform delta equals camera shift * zoom
    ok: move-and-camera: overlapping terrain tiles across camera moves
    ok: move-and-camera: every overlapping terrain tile shifts by one uniform delta
    ok: move-and-camera: terrain delta equals camera shift * zoom
    ok: move-and-camera: every scenery entity shifts by one uniform delta
    ok: move-and-camera: uniform delta equals camera shift * zoom
    ok: move-and-camera: overlapping terrain tiles across camera moves
    ok: move-and-camera: every overlapping terrain tile shifts by one uniform delta
    ok: move-and-camera: terrain delta equals camera shift * zoom
   PASS (0 failures)
== scenario first-fight ==
    ok: first-fight: loaded billboards do not paint a skeleton art chip
    ok: first-fight: art status matches what actually loaded
    ok: first-fight: missing art still warns on the owner HUD
    ok: first-fight: an objective strip is on the HUD
    ok: first-fight: the extraction pad is marked stairs-up
    ok: first-fight: the Scion silhouette is recorded
    ok: first-fight: vector fallback reports itself honestly
    ok: first-fight: vector terrain keeps the floor tiled
    ok: first-fight: vector motif tiles are drawn
    ok: first-fight: vector scenery silhouettes are drawn
    ok: first-fight: vector Scion silhouette is drawn
    ok: first-fight: a crate-shaped foe cannot certify the fight
    ok: first-fight: town wardens are not hip-to-foot crates
    ok: first-fight: a swing is drawn
    ok: first-fight: a floating damage number is spawned
    ok: first-fight: a death ring is drawn
    ok: first-fight: the drop becomes visible
    ok: first-fight: the dead monster is removed from the render list
   PASS (0 failures)
== scenario combat-audio ==
    ok: combat-audio: ordinary fight voices a hit cue
    ok: combat-audio: ordinary fight voices a death cue
    ok: combat-audio: replaying the same event cannot double-play
    ok: combat-audio: dense cosmetics cannot starve the loss warning
    ok: combat-audio: rapid reentry does not stack ambience
    ok: combat-audio: duplicate ambience submit is a no-op
   PASS (0 failures)
== scenario hud-scale-floor ==
    ok: hud-scale-floor: scale 0 is rejected instead of shrinking type
    ok: hud-scale-floor: small glyphs stay at or above the floor
    ok: hud-scale-floor: body glyphs stay at or above the floor
    ok: hud-scale-floor: scion actor exists
    ok: hud-scale-floor: low life has a non-color chevron
    ok: hud-scale-floor: hover tooltip fits over a living foe
    ok: hud-scale-floor: tooltip stays inside the 960 frame
    ok: hud-scale-floor: foe tooltip has a non-color mark
    ok: hud-scale-floor: tooltip title uses ink-on-panel contrast
    ok: hud-scale-floor: shrinking type is not the contrast fix
    ok: hud-scale-floor: a 640x480 window still respects the type floor
    ok: hud-scale-floor: live HUD capture written
   PASS (0 failures)
== scenario xp-meter ==
    ok: xp-meter: local HUD still publishes the meter
    ok: xp-meter: a fresh scion starts at the floor, not a fake fill
    ok: xp-meter: kill XP fills the current level span
    ok: xp-meter: a 0% strip cannot count as a filled meter
    ok: xp-meter: xp-bar is on the HUD
    ok: xp-meter: xp-bar is on the HUD
    ok: xp-meter: offscreen presents succeeded
    ok: xp-meter: an empty pit cannot pass as ledger gold
    ok: xp-meter: filled meter paints gold, not a black hairline
    xp-meter: empty_gold=4 filled_gold=232 fraction=0.493
    ok: xp-meter: filled HUD capture written
   PASS (0 failures)
== scenario loot-to-bank ==
    ok: loot-to-bank: drop visible before pickup
    ok: loot-to-bank: pickup fills the carried grid
    ok: loot-to-bank: world actor is unarmed before equip
    ok: loot-to-bank: grid cell rendered in the pane
    ok: loot-to-bank: compare plate over carried item
    ok: loot-to-bank: pack grid placed the carried item
    ok: loot-to-bank: valid pack drop moves the item
    ok: loot-to-bank: moved cell is painted at 2,1
    ok: loot-to-bank: rejected drop neither loses nor duplicates
    ok: loot-to-bank: rejected drop does not silently equip
    ok: loot-to-bank: loadout reports unarmed before equip
    ok: loot-to-bank: equip fills the weapon seat
    ok: loot-to-bank: equipped bonus appears in the stat readout
    FAIL: loot-to-bank: world actor holds the equipped item
    ok: loot-to-bank: attack source breakdown is on the sheet
    ok: loot-to-bank: dormant conditional is labeled inactive
    ok: loot-to-bank: dormant values are not folded into Attack
    ok: loot-to-bank: objective strip points at the EXIT while carrying
    ok: loot-to-bank: extraction banks the item
    ok: loot-to-bank: extraction banks the trophy
    ok: loot-to-bank: banked footer reflects the extraction
    ok: loot-to-bank: objective strip guides back to the extraction
   FAIL (1 failures)
== scenario telegraph-dodge ==
    ok: telegraph-dodge: elite telegraph is drawn
    ok: telegraph-dodge: telegraph stays outside HUD reserve
    ok: telegraph-dodge: moving out avoids the telegraphed damage
   PASS (0 failures)
== scenario warning-transparency ==
    ok: warning-transparency: circular warning preserves terrain through real alpha
    ok: warning-transparency: Warden safe eye leaves terrain untouched
    ok: warning-transparency: zero-opacity fan leaves terrain untouched
    ok: warning-transparency: thrust fan also blends with terrain
    ok: warning-transparency: circular warning preserves terrain through real alpha
    ok: warning-transparency: Warden safe eye leaves terrain untouched
    ok: warning-transparency: zero-opacity fan leaves terrain untouched
    ok: warning-transparency: thrust fan also blends with terrain
   PASS (0 failures)
== scenario inventory-pointer-safety ==
    ok: inventory-pointer: painter exposes both exact item footprints
    ok: inventory-pointer: click uses whole footprint and UUID, not prior selection
    ok: inventory-pointer: world and pane chrome cannot equip a selected item
    ok: inventory-pointer: snapshot reorder cannot change clicked identity
    ok: inventory-pointer: painter exposes both exact item footprints
    ok: inventory-pointer: click uses whole footprint and UUID, not prior selection
    ok: inventory-pointer: world and pane chrome cannot equip a selected item
    ok: inventory-pointer: snapshot reorder cannot change clicked identity
    ok: inventory-pointer: removed item cannot equip or consume its replacement
    ok: inventory-pointer: character pane consumes mouse actions but exposed world stays interactive
    ok: inventory-pointer: journal prevents mouse attacks and dashes behind it
   PASS (0 failures)
== scenario combat-juice ==
    ok: combat-juice: target sprite flashes on the hit
    ok: combat-juice: a floating damage number is spawned
    ok: combat-juice: number present right after the hit
    ok: combat-juice: number still visible ~300ms in
    ok: combat-juice: number fadclient scenarios failed with exit code -1073741819
At Z:\Code\Games\delaford\kimiwork_verdigris\.worktrees\merge-candidate\native\build.ps1:189 char:32
+ ... DE -ne 0) { throw "client scenarios failed with exit code $LASTEXITCO ...
+                 ~~~~~~~~~~~~~~~~~~~~~~~~~~~~~~~~~~~~~~~~~~~~~~~~~~~~~~~~~
    + CategoryInfo          : OperationStopped: (client scenario...ode -1073741819:String) [], RuntimeException
    + FullyQualifiedErrorId : client scenarios failed with exit code -1073741819
 
