== scenario inventory-equipment ==
    ok: inventory: isolated server starts
    ok: inventory: normal client connects
    ok: inventory: admitted with authoritative combat fields
    ok: inventory: login has combat stats
    ok: inventory: fixture reaches real backpack
    ok: inventory: fixture reaches real backpack
    ok: inventory: fixture reaches real backpack
    ok: inventory: fixture reaches real backpack
    ok: inventory: fixture reaches real backpack
    ok: inventory: fixture reaches real backpack
    ok: inventory: fixture reaches real backpack
    ok: inventory: fixture reaches real backpack
    ok: inventory: fixture reaches real backpack
    ok: inventory: fixture reaches real backpack
    ok: inventory: fixture reaches real backpack
    ok: inventory: spear occupies its authoritative multi-cell footprint
    ok: inventory: full footprint rejects bottom-right overflow
    ok: handover: no invisible default item action
    ok: handover: actual server fixture before equipment
    ok: handover: open inventory owns route, talk and wheel input
    ok: inventory: actual held drag and destination captured before the drop
    ok: inventory: real rejected placement and reason captured
    ok: inventory: UI drag and release do not leave an attack latched
    ok: inventory: wrong seat rejects without sending a fake equip
    ok: inventory: actual held drag and destination captured before the drop
    ok: inventory: UI drag and release do not leave an attack latched
    ok: inventory: drag equips exact requested seat on server
    ok: inventory: server acknowledgement completes equip feedback
    ok: handover: selected UUID survives inventory-to-wear reordering
    ok: handover: each equip conserves all item UUIDs and quantities
    ok: inventory: UI drag and release do not leave an attack latched
    ok: inventory: drag equips exact requested seat on server
    ok: inventory: server acknowledgement completes equip feedback
    ok: handover: selected UUID survives inventory-to-wear reordering
    ok: handover: each equip conserves all item UUIDs and quantities
    ok: inventory: UI drag and release do not leave an attack latched
    ok: inventory: drag equips exact requested seat on server
    ok: inventory: server acknowledgement completes equip feedback
    ok: handover: selected UUID survives inventory-to-wear reordering
    ok: handover: each equip conserves all item UUIDs and quantities
    ok: inventory: UI drag and release do not leave an attack latched
    ok: inventory: drag equips exact requested seat on server
    ok: inventory: server acknowledgement completes equip feedback
    ok: handover: selected UUID survives inventory-to-wear reordering
    ok: handover: each equip conserves all item UUIDs and quantities
    ok: inventory: UI drag and release do not leave an attack latched
    ok: inventory: drag equips exact requested seat on server
    ok: inventory: server acknowledgement completes equip feedback
    ok: handover: selected UUID survives inventory-to-wear reordering
    ok: handover: each equip conserves all item UUIDs and quantities
    ok: inventory: UI drag and release do not leave an attack latched
    ok: inventory: drag equips exact requested seat on server
    ok: inventory: server acknowledgement completes equip feedback
    ok: handover: selected UUID survives inventory-to-wear reordering
    ok: handover: each equip conserves all item UUIDs and quantities
    ok: inventory: UI drag and release do not leave an attack latched
    ok: inventory: drag equips exact requested seat on server
    ok: inventory: server acknowledgement completes equip feedback
    ok: handover: selected UUID survives inventory-to-wear reordering
    ok: handover: each equip conserves all item UUIDs and quantities
    ok: inventory: UI drag and release do not leave an attack latched
    ok: inventory: drag equips exact requested seat on server
    ok: inventory: server acknowledgement completes equip feedback
    ok: handover: selected UUID survives inventory-to-wear reordering
    ok: handover: each equip conserves all item UUIDs and quantities
    ok: inventory: UI drag and release do not leave an attack latched
    ok: inventory: drag equips exact requested seat on server
    ok: inventory: server acknowledgement completes equip feedback
    ok: handover: selected UUID survives inventory-to-wear reordering
    ok: handover: each equip conserves all item UUIDs and quantities
    ok: inventory: worn weapon does not duplicate in backpack
    ok: inventory: server rejects wrong seat and clears pending state
    ok: inventory: UI drag and release do not leave an attack latched
    ok: inventory: two-handed conflict retains both owned items
    ok: inventory: visible Unequip button returns the selected item through server
    ok: inventory: UI drag and release do not leave an attack latched
    ok: inventory: shield can use freed off hand
    ok: inventory: handstone is selectable in the backpack
    ok: inventory: one-handed weapon coexists with shield
    ok: inventory: visible Equip button consumes combat input
    ok: handover: equipment controls submit zero world attacks
    ok: handover: server explicitly supplies displayed total ratings
    ok: handover: actual equipment and server stats after equip
    ok: handover: displayed rating exactly matches server field
    ok: inventory: gear stats reach presentation from authority
    inventory art: right_hand -> handaxe_flint (Flint Handaxe)
    inventory art: left_hand -> hideshield_hide (Hide Shield)
    inventory art: armor -> wrap_hide (Hide Wrap)
    inventory art: head -> crest_hide (Hide Crest)
    inventory art: belt ->  (Hide Girdle)
    inventory art: gloves ->  (Bronze Gloves)
    inventory art: feet -> sandals_hide (Hide Sandals)
    inventory art: ring -> ring_bone (Copper Whisper)
    inventory art: ring2 ->  (Gold Ring)
    inventory art: necklace -> gorget_bone (Copper Whisper)
    ok: inventory: actual production panel captured
    ok: inventory: complete item rectangle stays inside panel
    ok: inventory: complete item rectangle stays inside panel
    ok: inventory: actual production panel captured
    ok: inventory: complete item rectangle stays inside panel
    ok: inventory: complete item rectangle stays inside panel
    ok: inventory: actual production panel captured
    ok: inventory: complete item rectangle stays inside panel
    ok: inventory: complete item rectangle stays inside panel
    ok: inventory: actual production panel captured
    ok: inventory: complete item rectangle stays inside panel
    ok: inventory: complete item rectangle stays inside panel
    ok: inventory: acknowledged equipment and authoritative stats captured together
    ok: inventory: equipment tooltip and compact character sheet captured together
    ok: inventory: contextual tooltip does not cover character values
    ok: handover: fixture has a real free destination
    ok: handover: backpack move waits for server
    ok: handover: backpack operation acknowledged
    ok: handover: drawn backpack uses accepted server coordinates
    ok: handover: rearrangement conserves every item and quantity
    ok: handover: Escape cancels drag before closing another view
    ok: inventory: focus-loss cancellation conserves authoritative inventory
    ok: inventory: clickable Close consumes input and closes the pane
    ok: inventory: Equipment button opens the same inventory without attacking
    ok: inventory: shield unequips independently
    ok: inventory: UI drag and release do not leave an attack latched
    ok: inventory: swap restores larger spear
    ok: inventory: fixture reaches real backpack
    ok: inventory: fixture reaches real backpack
    ok: inventory: full backpack exposes every authoritative item
    ok: inventory: full-pack swap rejects atomically without spilling displaced gear
    ok: handover: visible Unequip waits for server, including full-pack rejection
    ok: inventory: full backpack rejects unequip without losing or spilling item
    ok: handover: rejected Unequip re-enables action
    ok: handover: rejected operation and retained equipment captured
    ok: handover: fresh server reloads isolated persisted profile
    ok: handover: fresh client reconnects to reloaded profile
    ok: handover: restart retains all owned UUIDs and quantities
    ok: handover: restart retains exact equipment seats and backpack positions
    ok: handover: labeled long-name/count presentation stress captured
    ok: handover: stress capture really uses the full synthetic name
    ok: handover: full-name tooltip remains within viewport
    ok: handover: selected item tooltip stays keyboard-accessible
    ok: handover: labeled long-name/count presentation stress captured
    ok: handover: stress capture really uses the full synthetic name
    ok: handover: full-name tooltip remains within viewport
    ok: handover: selected item tooltip stays keyboard-accessible
    ok: handover: labeled long-name/count presentation stress captured
    ok: handover: stress capture really uses the full synthetic name
    ok: handover: full-name tooltip remains within viewport
    ok: handover: selected item tooltip stays keyboard-accessible
native-exit: WM_DESTROY
   PASS (0 failures)
