PASS 3440x1440 pane=0 muted=0 session=0 mixer=(3068,24,360,224) mute=(0,0,0,0) controls=(949,24,569,41) wrapped=0
PASS 3440x1440 pane=0 muted=0 session=1 mixer=(2834,24,360,224) mute=(0,0,0,0) controls=(949,24,569,41) wrapped=0
PASS 3440x1440 pane=0 muted=1 session=0 mixer=(3068,87,360,224) mute=(3068,24,190,51) controls=(949,24,569,41) wrapped=0
PASS 3440x1440 pane=0 muted=1 session=1 mixer=(2834,87,360,224) mute=(2834,24,190,51) controls=(949,24,569,41) wrapped=0
PASS 3440x1440 pane=1 muted=0 session=0 mixer=(2286,24,360,224) mute=(0,0,0,0) controls=(949,24,569,41) wrapped=0
PASS 3440x1440 pane=1 muted=0 session=1 mixer=(2052,24,360,224) mute=(0,0,0,0) controls=(949,24,569,41) wrapped=0
PASS 3440x1440 pane=1 muted=1 session=0 mixer=(2286,87,360,224) mute=(2286,24,190,51) controls=(949,24,569,41) wrapped=0
PASS 3440x1440 pane=1 muted=1 session=1 mixer=(2052,87,360,224) mute=(2052,24,190,51) controls=(949,24,569,41) wrapped=0
PASS 3440x1440 pane=2 muted=0 session=0 mixer=(3068,24,360,224) mute=(0,0,0,0) controls=(949,24,569,41) wrapped=0
PASS 3440x1440 pane=2 muted=0 session=1 mixer=(2834,24,360,224) mute=(0,0,0,0) controls=(949,24,569,41) wrapped=0
PASS 3440x1440 pane=2 muted=1 session=0 mixer=(3068,87,360,224) mute=(3068,24,190,51) controls=(949,24,569,41) wrapped=0
PASS 3440x1440 pane=2 muted=1 session=1 mixer=(2834,87,360,224) mute=(2834,24,190,51) controls=(949,24,569,41) wrapped=0
PASS 3440x1440 pane=3 muted=0 session=0 mixer=(2286,24,360,224) mute=(0,0,0,0) controls=(949,24,569,41) wrapped=0
PASS 3440x1440 pane=3 muted=0 session=1 mixer=(2052,24,360,224) mute=(0,0,0,0) controls=(949,24,569,41) wrapped=0
PASS 3440x1440 pane=3 muted=1 session=0 mixer=(2286,87,360,224) mute=(2286,24,190,51) controls=(949,24,569,41) wrapped=0
PASS 3440x1440 pane=3 muted=1 session=1 mixer=(2052,87,360,224) mute=(2052,24,190,51) controls=(949,24,569,41) wrapped=0
PASS 3440x1440 pane=4 muted=0 session=0 mixer=(3068,24,360,224) mute=(0,0,0,0) controls=(949,24,569,41) wrapped=0
PASS 3440x1440 pane=4 muted=0 session=1 mixer=(2834,24,360,224) mute=(0,0,0,0) controls=(949,24,569,41) wrapped=0
PASS 3440x1440 pane=4 muted=1 session=0 mixer=(3068,87,360,224) mute=(3068,24,190,51) controls=(949,24,569,41) wrapped=0
PASS 3440x1440 pane=4 muted=1 session=1 mixer=(2834,87,360,224) mute=(2834,24,190,51) controls=(949,24,569,41) wrapped=0
PASS 1366x768 pane=0 muted=0 session=0 mixer=(1174,12,180,107) mute=(0,0,0,0) controls=(794,12,287,20) wrapped=0
PASS 1366x768 pane=0 muted=0 session=1 mixer=(1052,12,180,107) mute=(0,0,0,0) controls=(284,42,287,20) wrapped=0
PASS 1366x768 pane=0 muted=1 session=0 mixer=(1174,48,180,107) mute=(1174,12,105,30) controls=(794,12,287,20) wrapped=0
PASS 1366x768 pane=0 muted=1 session=1 mixer=(1052,48,180,107) mute=(1052,12,105,30) controls=(284,42,287,20) wrapped=0
PASS 1366x768 pane=1 muted=0 session=0 mixer=(772,12,180,107) mute=(0,0,0,0) controls=(262,42,287,20) wrapped=0
PASS 1366x768 pane=1 muted=0 session=1 mixer=(650,12,180,107) mute=(0,0,0,0) controls=(140,42,287,20) wrapped=0
PASS 1366x768 pane=1 muted=1 session=0 mixer=(772,48,180,107) mute=(772,12,105,30) controls=(262,42,287,20) wrapped=0
PASS 1366x768 pane=1 muted=1 session=1 mixer=(650,48,180,107) mute=(650,12,105,30) controls=(140,42,287,20) wrapped=0
PASS 1366x768 pane=2 muted=0 session=0 mixer=(1174,12,180,107) mute=(0,0,0,0) controls=(794,12,287,20) wrapped=0
PASS 1366x768 pane=2 muted=0 session=1 mixer=(1052,12,180,107) mute=(0,0,0,0) controls=(284,42,287,20) wrapped=0
PASS 1366x768 pane=2 muted=1 session=0 mixer=(1174,48,180,107) mute=(1174,12,105,30) controls=(794,12,287,20) wrapped=0
PASS 1366x768 pane=2 muted=1 session=1 mixer=(1052,48,180,107) mute=(1052,12,105,30) controls=(284,42,287,20) wrapped=0
PASS 1366x768 pane=3 muted=0 session=0 mixer=(772,12,180,107) mute=(0,0,0,0) controls=(262,42,287,20) wrapped=0
PASS 1366x768 pane=3 muted=0 session=1 mixer=(650,12,180,107) mute=(0,0,0,0) controls=(140,42,287,20) wrapped=0
PASS 1366x768 pane=3 muted=1 session=0 mixer=(772,48,180,107) mute=(772,12,105,30) controls=(262,42,287,20) wrapped=0
PASS 1366x768 pane=3 muted=1 session=1 mixer=(650,48,180,107) mute=(650,12,105,30) controls=(140,42,287,20) wrapped=0
PASS 1366x768 pane=4 muted=0 session=0 mixer=(1174,12,180,107) mute=(0,0,0,0) controls=(794,12,287,20) wrapped=0
PASS 1366x768 pane=4 muted=0 session=1 mixer=(1052,12,180,107) mute=(0,0,0,0) controls=(284,42,287,20) wrapped=0
PASS 1366x768 pane=4 muted=1 session=0 mixer=(1174,48,180,107) mute=(1174,12,105,30) controls=(794,12,287,20) wrapped=0
PASS 1366x768 pane=4 muted=1 session=1 mixer=(1052,48,180,107) mute=(1052,12,105,30) controls=(284,42,287,20) wrapped=0
PASS 960x600 pane=0 muted=0 session=0 mixer=(768,12,180,107) mute=(0,0,0,0) controls=(336,52,287,20) wrapped=0
PASS 960x600 pane=0 muted=0 session=1 mixer=(646,12,180,107) mute=(0,0,0,0) controls=(336,52,287,20) wrapped=0
PASS 960x600 pane=0 muted=1 session=0 mixer=(768,48,180,107) mute=(768,12,105,30) controls=(336,52,287,20) wrapped=0
PASS 960x600 pane=0 muted=1 session=1 mixer=(646,48,180,107) mute=(646,12,105,30) controls=(336,52,287,20) wrapped=0
PASS 960x600 pane=1 muted=0 session=0 mixer=(366,12,180,107) mute=(0,0,0,0) controls=(259,129,287,20) wrapped=0
PASS 960x600 pane=1 muted=0 session=1 mixer=(244,42,180,107) mute=(0,0,0,0) controls=(259,159,287,20) wrapped=0
PASS 960x600 pane=1 muted=1 session=0 mixer=(366,48,180,107) mute=(366,12,105,30) controls=(69,130,287,20) wrapped=0
PASS 960x600 pane=1 muted=1 session=1 mixer=(244,78,180,107) mute=(244,42,105,30) controls=(259,195,287,20) wrapped=0
PASS 960x600 pane=2 muted=0 session=0 mixer=(768,12,180,107) mute=(0,0,0,0) controls=(336,52,287,20) wrapped=0
PASS 960x600 pane=2 muted=0 session=1 mixer=(646,12,180,107) mute=(0,0,0,0) controls=(336,52,287,20) wrapped=0
PASS 960x600 pane=2 muted=1 session=0 mixer=(768,48,180,107) mute=(768,12,105,30) controls=(336,52,287,20) wrapped=0
PASS 960x600 pane=2 muted=1 session=1 mixer=(646,48,180,107) mute=(646,12,105,30) controls=(336,52,287,20) wrapped=0
PASS 960x600 pane=3 muted=0 session=0 mixer=(366,12,180,107) mute=(0,0,0,0) controls=(130,526,123,20) wrapped=1
PASS 960x600 pane=3 muted=0 session=1 mixer=(366,12,180,107) mute=(0,0,0,0) controls=(130,526,123,20) wrapped=1
PASS 960x600 pane=3 muted=1 session=0 mixer=(366,12,180,107) mute=(251,82,105,30) controls=(130,526,123,20) wrapped=1
PASS 960x600 pane=3 muted=1 session=1 mixer=(366,12,180,107) mute=(756,474,105,30) controls=(130,526,123,20) wrapped=1
PASS 960x600 pane=4 muted=0 session=0 mixer=(768,12,180,107) mute=(0,0,0,0) controls=(591,12,123,20) wrapped=1
PASS 960x600 pane=4 muted=0 session=1 mixer=(768,44,180,107) mute=(0,0,0,0) controls=(591,12,123,20) wrapped=1
PASS 960x600 pane=4 muted=1 session=0 mixer=(768,48,180,107) mute=(768,12,105,30) controls=(591,12,123,20) wrapped=1
PASS 960x600 pane=4 muted=1 session=1 mixer=(768,80,180,107) mute=(768,44,105,30) controls=(591,12,123,20) wrapped=1
